// Jest Snapshot v1, https://goo.gl/fbAQLP

exports[`Header.vue Header样式发生改变时,做提示 1`] = `
<div class="header">
  <div class="header-content">
    TodoList
    <input type="text" data-test="input" placeholder="TodoItem test" class="header-input"></div>
</div>
`;
